// Jest Snapshot v1, https://goo.gl/fbAQLP

exports[`should redirect user when username is not empty 1`] = `
<Navigate
  to="/play"
/>
`;

exports[`should render App correctly 1`] = `
<div
  className="container mt-6 has-text-centered-touch"
>
  <label
    className="label is-large"
  >
    Username
  </label>
  <div
    className="field is-grouped"
  >
    <p
      className="control is-hidden-touch"
    >
      <input
        className="input is-large"
        onChange={[Function]}
        placeholder="Enter username"
        type="text"
        value=""
      />
    </p>
    <p
      className="control is-hidden-desktop mx-auto"
    >
      <input
        className="input is-large mb-5"
        onChange={[Function]}
        placeholder="Enter username"
        type="text"
        value=""
      />
      <button
        className="button is-info is-large"
        onClick={[Function]}
      >
        Save username
      </button>
    </p>
    <p
      className="control is-hidden-touch"
    >
      <button
        className="button is-info is-large"
        onClick={[Function]}
      >
        Save username
      </button>
    </p>
  </div>
</div>
`;
