// Jest Snapshot v1, https://goo.gl/fbAQLP

exports[`should render LetterButtons correctly 1`] = `
<div
  className="columns mx-4 my-2"
>
  <LetterButton
    key="A"
    letter="A"
    onClick={[Function]}
    used={false}
  />
  <LetterButton
    key="B"
    letter="B"
    onClick={[Function]}
    used={false}
  />
  <LetterButton
    key="C"
    letter="C"
    onClick={[Function]}
    used={false}
  />
  <LetterButton
    key="D"
    letter="D"
    onClick={[Function]}
    used={false}
  />
  <LetterButton
    key="E"
    letter="E"
    onClick={[Function]}
    used={false}
  />
  <LetterButton
    key="F"
    letter="F"
    onClick={[Function]}
    used={false}
  />
  <LetterButton
    key="G"
    letter="G"
    onClick={[Function]}
    used={false}
  />
  <LetterButton
    key="H"
    letter="H"
    onClick={[Function]}
    used={false}
  />
  <LetterButton
    key="I"
    letter="I"
    onClick={[Function]}
    used={false}
  />
  <LetterButton
    key="J"
    letter="J"
    onClick={[Function]}
    used={false}
  />
  <LetterButton
    key="K"
    letter="K"
    onClick={[Function]}
    used={false}
  />
  <LetterButton
    key="L"
    letter="L"
    onClick={[Function]}
    used={false}
  />
  <LetterButton
    key="M"
    letter="M"
    onClick={[Function]}
    used={false}
  />
  <LetterButton
    key="N"
    letter="N"
    onClick={[Function]}
    used={false}
  />
  <LetterButton
    key="O"
    letter="O"
    onClick={[Function]}
    used={false}
  />
  <LetterButton
    key="P"
    letter="P"
    onClick={[Function]}
    used={false}
  />
  <LetterButton
    key="Q"
    letter="Q"
    onClick={[Function]}
    used={false}
  />
  <LetterButton
    key="R"
    letter="R"
    onClick={[Function]}
    used={false}
  />
  <LetterButton
    key="S"
    letter="S"
    onClick={[Function]}
    used={false}
  />
  <LetterButton
    key="T"
    letter="T"
    onClick={[Function]}
    used={false}
  />
  <LetterButton
    key="U"
    letter="U"
    onClick={[Function]}
    used={false}
  />
  <LetterButton
    key="V"
    letter="V"
    onClick={[Function]}
    used={false}
  />
  <LetterButton
    key="W"
    letter="W"
    onClick={[Function]}
    used={false}
  />
  <LetterButton
    key="X"
    letter="X"
    onClick={[Function]}
    used={false}
  />
  <LetterButton
    key="Y"
    letter="Y"
    onClick={[Function]}
    used={false}
  />
  <LetterButton
    key="Z"
    letter="Z"
    onClick={[Function]}
    used={false}
  />
</div>
`;
